V3 3
FL /home/lab661/Documents/xpolac36/Digital-electronics-1/Labs/02-ise/comparator/top.vhd 2020/02/12.10:26:28 P.20131013
EN work/top 1581499852 \
      FL /home/lab661/Documents/xpolac36/Digital-electronics-1/Labs/02-ise/comparator/top.vhd \
      PB ieee/std_logic_1164 1381692176
AR work/top/Behavioral 1581499853 \
      FL /home/lab661/Documents/xpolac36/Digital-electronics-1/Labs/02-ise/comparator/top.vhd \
      EN work/top 1581499852
