EN binary_cnt NULL /home/lab661/Documents/xpolac36/Digital-electronics-1/Labs/05-connter_binary/binary_counter/binary_cnt.vhd sub00/vhpl02 1583314993
EN hex_to_7seg NULL /home/lab661/Documents/xpolac36/Digital-electronics-1/Labs/04-adder/hex_to_7seg.vhd sub00/vhpl04 1583314995
AR binary_cnt behavioral /home/lab661/Documents/xpolac36/Digital-electronics-1/Labs/05-connter_binary/binary_counter/binary_cnt.vhd sub00/vhpl03 1583314994
EN top NULL /home/lab661/Documents/xpolac36/Digital-electronics-1/Labs/05-connter_binary/binary_counter/top.vhd sub00/vhpl06 1583314997
AR clock_enable behavioral /home/lab661/Documents/xpolac36/Digital-electronics-1/Labs/05-connter_binary/binary_counter/clock_enable.vhd sub00/vhpl01 1583314992
AR hex_to_7seg behavioral /home/lab661/Documents/xpolac36/Digital-electronics-1/Labs/04-adder/hex_to_7seg.vhd sub00/vhpl05 1583314996
EN clock_enable NULL /home/lab661/Documents/xpolac36/Digital-electronics-1/Labs/05-connter_binary/binary_counter/clock_enable.vhd sub00/vhpl00 1583314991
AR top behavioral /home/lab661/Documents/xpolac36/Digital-electronics-1/Labs/05-connter_binary/binary_counter/top.vhd sub00/vhpl07 1583314998
